// Jest Snapshot v1, https://goo.gl/fbAQLP

exports[`StyledTile он отображается 1`] = `
.c0 {
  cursor: pointer;
  background-color: #fff;
  color: #5f5f5f;
  border: 1px solid #aaa;
  display: -webkit-box;
  display: -webkit-flex;
  display: -ms-flexbox;
  display: flex;
  -webkit-align-items: center;
  -webkit-box-align: center;
  -ms-flex-align: center;
  align-items: center;
  -webkit-box-pack: center;
  -webkit-justify-content: center;
  -ms-flex-pack: center;
  justify-content: center;
  font-size: 36px;
  box-sizing: border-box;
  width: 100px;
  height: 100px;
  position: absolute;
  top: 100px;
  left: 200px;
}

@media (hover:hover) {
  .c0:hover {
    background: #f5f5f5;
  }
}

@media (max-width:476.4px) {
  .c0 {
    width: 66.66666666666667px;
    height: 66.66666666666667px;
  }
}

<div
  className="c0"
/>
`;
