// Jest Snapshot v1, https://goo.gl/fbAQLP

exports[`Timer он отображается 1`] = `
<div>
  <strong>
    Time:
  </strong>
   
  11:11:11
</div>
`;
