// Jest Snapshot v1, https://goo.gl/fbAQLP

exports[`Backdrop он отображается 1`] = `
.c0 {
  position: fixed;
  top: 0;
  left: 0;
  width: 100%;
  height: 100vh;
  background-color: rgba(0,0,0 ,0.5);
  z-index: -1;
}

<div
  className="c0"
/>
`;
