// Jest Snapshot v1, https://goo.gl/fbAQLP

exports[`TopConsole он отображается 1`] = `
.c0 {
  display: -webkit-box;
  display: -webkit-flex;
  display: -ms-flexbox;
  display: flex;
  -webkit-box-pack: justify;
  -webkit-justify-content: space-between;
  -ms-flex-pack: justify;
  justify-content: space-between;
  margin-bottom: 12px;
  width: 100%;
}

<div
  className="c0"
/>
`;
