// Jest Snapshot v1, https://goo.gl/fbAQLP

exports[`Board он отображается 1`] = `
.c0 {
  width: 397px;
  height: 397px;
  border: 3px solid #aaa;
  background-color: #e5e5e5;
  position: relative;
}

@media (max-width:476.4px) {
  .c0 {
    width: 264.6666666666667px;
    height: 264.6666666666667px;
  }
}

<div
  className="c0"
/>
`;
